#
# There is two kinds of check implemented. Each line is an independent
# test.
#
# 1. Size check
#    [PACKAGE.]TYPE_NAME
#
#    PACKAGE is the name of a package, this is used to avoid ambiguity and
#    is optional. It corresponds to the Ada package in whitch the type is
#    declared. TYPE_NAME is the name of the type to check.
#
# 2. Offset check
#    TYPE_NAME-FIELD
#
#    FIELD is the name of the field in record TYPE_NAME to check. In this
#    case the check is to ensure that FIELD in C and Ada are at the same
#    offset in the record.
#
ACCESS_ALLOWED_ACE
ACCESS_DENIED_ACE
ACCESS_MASK
ACE_HEADER
ACL
ACL_INFORMATION_CLASS
ACL_REVISION_INFORMATION
ACL_SIZE_INFORMATION
ARRAY_INFO
ATOM
BOOL
BOOLEAN
BY_HANDLE_FILE_INFORMATION
CCHAR
CHAR
CLIENTCREATESTRUCT
COLORREF
COMMCONFIG
COMMPROP
COMMTIMEOUTS
COMSTAT
CONTEXT
CREATE_PROCESS_DEBUG_INFO
CREATE_THREAD_DEBUG_INFO
DCB
DEBUG_EVENT
DWORD
ENUMRESLANGPROC
ENUMRESNAMEPROC
ENUMRESTYPEPROC
EVENTLOGRECORD
EXCEPTION_DEBUG_INFO
EXCEPTION_POINTERS
EXCEPTION_RECORD
EXIT_PROCESS_DEBUG_INFO
EXIT_THREAD_DEBUG_INFO
EXPR_EVAL
FARPROC
FILETIME
FPO_DATA
FULL_PTR_TO_REFID_ELEMENT
FULL_PTR_XLAT_TABLES
GENERIC_BINDING_INFO
GENERIC_BINDING_ROUTINE
GENERIC_BINDING_ROUTINE_PAIR
GENERIC_MAPPING
GENERIC_UNBIND_ROUTINE
HANDLE
HFILE
IMAGE_ARCHIVE_MEMBER_HEADER
IMAGE_AUX_SYMBOL
IMAGE_BASE_RELOCATION
IMAGE_COFF_SYMBOLS_HEADER
IMAGE_DATA_DIRECTORY
IMAGE_DEBUG_DIRECTORY
IMAGE_DEBUG_MISC
IMAGE_DOS_HEADER
IMAGE_EXPORT_DIRECTORY
IMAGE_FILE_HEADER
IMAGE_FUNCTION_ENTRY
IMAGE_IMPORT_BY_NAME
IMAGE_IMPORT_DESCRIPTOR
IMAGE_LINENUMBER
IMAGE_LOAD_CONFIG_DIRECTORY
IMAGE_NT_HEADERS
IMAGE_OPTIONAL_HEADER
IMAGE_OS2_HEADER
IMAGE_RELOCATION
IMAGE_RESOURCE_DATA_ENTRY
IMAGE_RESOURCE_DIRECTORY
IMAGE_RESOURCE_DIRECTORY_ENTRY
IMAGE_RESOURCE_DIRECTORY_STRING
IMAGE_RESOURCE_DIR_STRING_U
IMAGE_ROM_HEADERS
IMAGE_ROM_OPTIONAL_HEADER
IMAGE_RUNTIME_FUNCTION_ENTRY
IMAGE_SECTION_HEADER
IMAGE_SEPARATE_DEBUG_HEADER
IMAGE_SYMBOL
IMAGE_THUNK_DATA
IMAGE_TLS_DIRECTORY
INT
LANGID
LARGE_INTEGER
LCID
LDT_ENTRY
LIST_ENTRY
LOAD_DLL_DEBUG_INFO
LONG
LONGLONG
LPARAM
LPBY_HANDLE_FILE_INFORMATION
LPCLIENTCREATESTRUCT
LPCOMMCONFIG
LPCOMMPROP
LPCOMMTIMEOUTS
LPCOMSTAT
LPCONTEXT
LPCREATE_PROCESS_DEBUG_INFO
LPCREATE_THREAD_DEBUG_INFO
LPCSTR
LPDCB
LPDEBUG_EVENT
LPEXCEPTION_DEBUG_INFO
LPEXCEPTION_POINTERS
LPEXCEPTION_RECORD
LPEXIT_PROCESS_DEBUG_INFO
LPEXIT_THREAD_DEBUG_INFO
LPLDT_ENTRY
LPLOAD_DLL_DEBUG_INFO
LPMEMORYSTATUS
LPMSG
LPOFSTRUCT
LPOSVERSIONINFO
LPOSVERSIONINFOA
LPOSVERSIONINFOW
LPOUTPUT_DEBUG_STRING_INFO
LPOVERLAPPED
LPOVERLAPPED_COMPLETION_ROUTINE
LPPROCESS_HEAP_ENTRY
LPRIP_INFO
LPSTARTUPINFO
LPSTARTUPINFOA
LPSTARTUPINFOW
LPSYSTEM_INFO
LPTHREAD_START_ROUTINE
LPTIME_ZONE_INFORMATION
LPTOP_LEVEL_EXCEPTION_FILTER
LPUNLOAD_DLL_DEBUG_INFO
LPVOID
LPWIN32_FILE_ATTRIBUTE_DATA
LPWIN32_FIND_DATA
LPWIN32_FIND_DATAA
LPWIN32_FIND_DATAW
LPWIN32_STREAM_ID
LUID_AND_ATTRIBUTES
LUID_AND_ATTRIBUTES_ARRAY
MEMORYSTATUS
MEMORY_BASIC_INFORMATION
MESSAGE_RESOURCE_BLOCK
MESSAGE_RESOURCE_DATA
MESSAGE_RESOURCE_ENTRY
MIDL_FORMAT_STRING
MIDL_SERVER_INFO ^ expected to fail on Win32 (C header wrong)
MIDL_STUB_DESC
MIDL_STUB_MESSAGE
NDR_CCONTEXT
NDR_RUNDOWN
NDR_SCONTEXT
OFSTRUCT
OSVERSIONINFOA
OSVERSIONINFOW
OUTPUT_DEBUG_STRING_INFO
OVERLAPPED
PACCESS_ALLOWED_ACE
PACCESS_DENIED_ACE
PACCESS_MASK
PACE_HEADER
PACL
PARRAY_INFO
PCONTEXT
PCRITICAL_SECTION
PCRITICAL_SECTION_DEBUG
PEVENTLOGRECORD
PEXCEPTION_POINTERS
PEXCEPTION_RECORD
PFILETIME
PFORMAT_STRING
PFPO_DATA
PFULL_PTR_TO_REFID_ELEMENT
PFULL_PTR_XLAT_TABLES
PGENERIC_BINDING_INFO
PGENERIC_BINDING_ROUTINE_PAIR
PGENERIC_MAPPING
PHANDLE
PIMAGE_ARCHIVE_MEMBER_HEADER
PIMAGE_AUX_SYMBOL
PIMAGE_BASE_RELOCATION
PIMAGE_COFF_SYMBOLS_HEADER
PIMAGE_DATA_DIRECTORY
PIMAGE_DEBUG_DIRECTORY
PIMAGE_DEBUG_MISC
PIMAGE_DOS_HEADER
PIMAGE_EXPORT_DIRECTORY
PIMAGE_FILE_HEADER
PIMAGE_FUNCTION_ENTRY
PIMAGE_IMPORT_BY_NAME
PIMAGE_IMPORT_DESCRIPTOR
PIMAGE_LINENUMBER
PIMAGE_LOAD_CONFIG_DIRECTORY
PIMAGE_NT_HEADERS
PIMAGE_OPTIONAL_HEADER
PIMAGE_OS2_HEADER
PIMAGE_RELOCATION
PIMAGE_RESOURCE_DATA_ENTRY
PIMAGE_RESOURCE_DIRECTORY
PIMAGE_RESOURCE_DIRECTORY_ENTRY
PIMAGE_RESOURCE_DIRECTORY_STRING
PIMAGE_RESOURCE_DIR_STRING_U
PIMAGE_ROM_HEADERS
PIMAGE_ROM_OPTIONAL_HEADER
PIMAGE_RUNTIME_FUNCTION_ENTRY
PIMAGE_SECTION_HEADER
PIMAGE_SEPARATE_DEBUG_HEADER
PIMAGE_SYMBOL
PIMAGE_THUNK_DATA
PIMAGE_TLS_CALLBACK
PIMAGE_TLS_DIRECTORY
PISECURITY_DESCRIPTOR
PISID
PLARGE_INTEGER
PLCID
PLDT_ENTRY
PLIST_ENTRY
PLONGLONG
PLUID_AND_ATTRIBUTES
PLUID_AND_ATTRIBUTES_ARRAY
PMEMORY_BASIC_INFORMATION
PMESSAGE_RESOURCE_BLOCK
PMESSAGE_RESOURCE_DATA
PMESSAGE_RESOURCE_ENTRY
PMIDL_SERVER_INFO
PMIDL_STUB_DESC
PMIDL_STUB_MESSAGE
PMIDL_XMIT_TYPE
POFSTRUCT
POINT
POINTL
POINTS
POSVERSIONINFO
POSVERSIONINFOA
POSVERSIONINFOW
PPOINT
PPOINTL
PPOINTS
PPRIVILEGE_SET
PPROCESS_INFORMATION
PRECT
PRECTL
PRIVILEGE_SET
PROC
PROCESS_HEAP_ENTRY
PROCESS_INFORMATION
PRTL_CRITICAL_SECTION
PRTL_CRITICAL_SECTION_DEBUG
PSCONTEXT_QUEUE
PSECURITY_ATTRIBUTES
PSECURITY_CONTEXT_TRACKING_MODE
PSECURITY_DESCRIPTOR_CONTROL
PSECURITY_IMPERSONATION_LEVEL
PSECURITY_INFORMATION
PSECURITY_QUALITY_OF_SERVICE
PSE_IMPERSONATION_STATE
PSID_AND_ATTRIBUTES
PSID_AND_ATTRIBUTES_ARRAY
PSID_IDENTIFIER_AUTHORITY
PSID_NAME_USE
PSINGLE_LIST_ENTRY
PSIZE
PSYSTEM_ALARM_ACE
PSYSTEM_AUDIT_ACE
PTAPE_CREATE_PARTITION
PTAPE_ERASE
PTAPE_GET_DRIVE_PARAMETERS
PTAPE_GET_MEDIA_PARAMETERS
PTAPE_GET_POSITION
PTAPE_PREPARE
PTAPE_SET_DRIVE_PARAMETERS
PTAPE_SET_MEDIA_PARAMETERS
PTAPE_SET_POSITION
PTAPE_WRITE_MARKS
PTOKEN_CONTROL
PTOKEN_DEFAULT_DACL
PTOKEN_GROUPS
PTOKEN_OWNER
PTOKEN_PRIMARY_GROUP
PTOKEN_PRIVILEGES
PTOKEN_SOURCE
PTOKEN_STATISTICS
PTOKEN_TYPE
PTOKEN_USER
PTOP_LEVEL_EXCEPTION_FILTER
PUCHAR
PULARGE_INTEGER
PWIN32_FIND_DATA
PWIN32_FIND_DATAA
PWIN32_FIND_DATAW
PXMIT_ROUTINE_QUINTUPLE
RECT
RECTL
RIP_INFO
RPC_BUFPTR
RPC_CLIENT_ALLOC
RPC_CLIENT_FREE
RPC_LENGTH
RTL_CRITICAL_SECTION
RTL_CRITICAL_SECTION_DEBUG
SCONTEXT_QUEUE
SECURITY_ATTRIBUTES
SECURITY_CONTEXT_TRACKING_MODE
SECURITY_DESCRIPTOR
SECURITY_DESCRIPTOR_CONTROL
SECURITY_IMPERSONATION_LEVEL
SECURITY_INFORMATION
SECURITY_QUALITY_OF_SERVICE
SERVER_ROUTINE
SERVICE_ERROR_TYPE
SERVICE_LOAD_TYPE
SERVICE_NODE_TYPE
SE_IMPERSONATION_STATE
SHORT
SID
SID_AND_ATTRIBUTES
SID_AND_ATTRIBUTES_ARRAY
SID_IDENTIFIER_AUTHORITY
SID_NAME_USE
SINGLE_LIST_ENTRY
SIZE
STARTUPINFOA
STARTUPINFOW
STUB_PHASE
STUB_THUNK
SYSTEMTIME
SYSTEM_ALARM_ACE
SYSTEM_AUDIT_ACE
SYSTEM_INFO
TAPE_CREATE_PARTITION
TAPE_ERASE
TAPE_GET_DRIVE_PARAMETERS
TAPE_GET_MEDIA_PARAMETERS
TAPE_GET_POSITION
TAPE_PREPARE
TAPE_SET_DRIVE_PARAMETERS
TAPE_SET_MEDIA_PARAMETERS
TAPE_SET_POSITION
TAPE_WRITE_MARKS
TBYTE
TIME_ZONE_INFORMATION
TOKEN_CONTROL
TOKEN_DEFAULT_DACL
TOKEN_GROUPS
TOKEN_INFORMATION_CLASS
TOKEN_OWNER
TOKEN_PRIMARY_GROUP
TOKEN_PRIVILEGES
TOKEN_SOURCE
TOKEN_STATISTICS
TOKEN_TYPE
TOKEN_USER
UINT
ULARGE_INTEGER
UNLOAD_DLL_DEBUG_INFO
WIN32_FILE_ATTRIBUTE_DATA
WIN32_FIND_DATAA
WIN32_FIND_DATAW
WIN32_STREAM_ID
WNDCLASS
WNDPROC
WORD
WPARAM
Win32.BYTE
XLAT_SIDE
XMIT_HELPER_ROUTINE
XMIT_ROUTINE_QUINTUPLE
error_status_t
MIDL_STUB_MESSAGE-BufferLength
MIDL_STUB_MESSAGE-MemorySize
MIDL_STUB_MESSAGE-Memory
MIDL_STUB_MESSAGE-Buffer
MIDL_STUB_MESSAGE-BufferMark
MIDL_STUB_MESSAGE-ReuseBuffer
MIDL_STUB_MESSAGE-IgnoreEmbeddedPointers
MIDL_STUB_MESSAGE-PointerBufferMark
MIDL_STUB_MESSAGE-fBufferValid
MIDL_STUB_MESSAGE-MaxCount
MIDL_STUB_MESSAGE-Offset
MIDL_STUB_MESSAGE-StackTop
MIDL_STUB_MESSAGE-FullPtrRefId
MIDL_STUB_MESSAGE-pvDestContext
MIDL_STUB_MESSAGE-pRpcChannelBuffer
MIDL_STUB_MESSAGE-pArgQueue
#MIDL_STUB_MESSAGE-LowStackMark
#MIDL_STUB_MESSAGE-Reserved51_5
TAPE_SET_POSITION-Method
TAPE_SET_POSITION-Partition
TAPE_SET_POSITION-Offset
TAPE_SET_POSITION-Immediate
MIDL_FORMAT_STRING-Pad
MIDL_FORMAT_STRING-Format
UCHAR
